[saurabhdaware.github.io/text-to-handwriting/index.html]
[backblue.gif]
[fade.gif]
[index.html]
[saurabhdaware.github.io/text-to-handwriting/images/apple-touch-icon.png]
[saurabhdaware.github.io/text-to-handwriting/images/favicon-32x32.png]
[saurabhdaware.github.io/text-to-handwriting/images/favicon-16x16.png]
[saurabhdaware.github.io/text-to-handwriting/manifest.webmanifest]
[saurabhdaware.github.io/text-to-handwriting/css/index.css]
[saurabhdaware.github.io/text-to-handwriting/css/features.css]
[saurabhdaware.github.io/text-to-handwriting/images/sun.svg]
[saurabhdaware.github.io/text-to-handwriting/images/moon.svg]
[c5.patreon.com/external/logo/become_a_patron_button.png]
[cdn.buymeacoffee.com/buttons/default-yellow.png]
[saurabhdaware.github.io/text-to-handwriting/js/vendors/html2canvas.min.js]
[saurabhdaware.github.io/text-to-handwriting/js/app.mjs]
[unpkg.com/jspdf@^1/dist/jspdf.min.c.delayed]
[saurabhdaware.github.io/text-to-handwriting/index.html]
[unpkg.com/jspdf@1.5.3/dist/jspdf.min.js]
[saurabhdaware.github.io/text-to-handwriting/fonts/Hindi_Type.ttf]
[saurabhdaware.github.io/text-to-handwriting/images/dropdown.svg]
[saurabhdaware.github.io/text-to-handwriting/images/dropdown-white.svg]
[saurabhdaware.github.io/text-to-handwriting/css/index.css]
[saurabhdaware.github.io/text-to-handwriting/images/favicon-32x32-3.png]
[saurabhdaware.github.io/text-to-handwriting/css/features.css]
[saurabhdaware.github.io/text-to-handwriting/images/sun.svg]
[saurabhdaware.github.io/text-to-handwriting/images/moon.svg]
[saurabhdaware.github.io/text-to-handwriting/images/dropdown.svg]
[saurabhdaware.github.io/text-to-handwriting/images/dropdown-white.svg]
